Resolving dependencies...
Downloading packages...
  _fe_analyzer_shared 67.0.0 (108.0.0 available)
  _flutterfire_internals 1.3.76 (1.3.77 available)
  analyzer 6.4.1 (14.4.0 available)
  analyzer_plugin 0.11.3 (0.14.17 available)
  archive 3.6.1 (4.3.0 available)
  async 2.13.0 (2.13.1 available)
  build 2.4.1 (4.0.11 available)
  build_config 1.1.2 (1.3.3 available)
  build_daemon 4.1.1 (4.1.6 available)
  build_resolvers 2.4.2 (3.0.4 available)
  build_runner 2.4.13 (2.16.1 available)
  build_runner_core 7.3.2 (9.3.2 available)
  built_collection 5.1.1 (5.1.2 available)
  built_value 8.12.4 (8.13.0 available)
  cached_network_image 3.4.1 (4.0.4 available)
  cached_network_image_platform_interface 4.1.1 (5.0.3 available)
  cached_network_image_web 1.3.1 (2.0.3 available)
  clock 1.1.2 (1.1.3 available)
  code_assets 1.0.0 (2.1.0 available)
  code_builder 4.11.1 (4.12.0 available)
  cross_file 0.3.5+2 (0.4.0 available)
  cupertino_icons 1.0.8 (2.0.0 available)
  custom_lint_core 0.6.3 (0.8.2 available)
  dart_style 2.3.6 (3.1.13 available)
  dbus 0.7.14 (0.8.0 available)
  dio 5.9.2 (5.11.1 available)
  dio_web_adapter 2.1.2 (2.2.2 available)
  file_selector_linux 0.9.4 (0.9.4+1 available)
  file_selector_macos 0.9.5 (0.9.5+1 available)
  file_selector_windows 0.9.3+5 (0.9.3+6 available)
  firebase_core 4.13.0 (4.15.0 available)
  firebase_core_platform_interface 8.1.0 (8.1.1 available)
  firebase_core_web 3.10.0 (3.12.0 available)
  firebase_messaging 16.5.0 (16.7.0 available)
  firebase_messaging_platform_interface 4.9.3 (4.10.0 available)
  firebase_messaging_web 4.2.4 (4.2.5 available)
  flutter_cache_manager 3.4.1 (3.4.5 available)
  flutter_dotenv 5.2.1 (6.0.1 available)
  flutter_plugin_android_lifecycle 2.0.33 (2.0.35 available)
  flutter_riverpod 2.6.1 (3.4.3 available)
  flutter_secure_storage 9.2.4 (11.2.0 available)
  flutter_secure_storage_linux 1.2.3 (3.0.3 available)
  flutter_secure_storage_macos 3.1.3 (4.0.0 available)
  flutter_secure_storage_platform_interface 1.1.2 (2.1.1 available)
  flutter_secure_storage_web 1.2.1 (2.1.1 available)
  flutter_secure_storage_windows 3.1.2 (4.2.2 available)
  flutter_svg 2.2.4 (2.3.0 available)
  freezed 2.5.2 (4.0.2 available)
  freezed_annotation 2.4.4 (3.1.0 available)
  geolocator 14.0.2 (14.1.1 available)
  geolocator_android 5.0.3 (5.1.1 available)
  geolocator_linux 0.2.4 (0.2.6 available)
  geolocator_platform_interface 4.2.8 (4.4.0 available)
  get_it 7.7.0 (9.3.0 available)
  glob 2.1.3 (2.2.0 available)
  google_fonts 6.3.3 (9.0.0 available)
  gsettings 0.2.8 (0.2.9 available)
  hooks 1.0.2 (2.2.0 available)
  image_picker 1.2.1 (1.2.3 available)
  image_picker_android 0.8.13+14 (0.8.13+23 available)
  image_picker_ios 0.8.13+6 (0.8.13+9 available)
  intl 0.20.2 (0.20.3 available)
  io 1.0.5 (1.1.0 available)
  js 0.6.7 (0.7.2 available)
  json_annotation 4.9.0 (4.12.0 available)
  json_serializable 6.8.0 (6.14.1 available)
  logger 2.6.2 (2.8.0 available)
  lottie 2.7.0 (3.6.1 available)
  matcher 0.12.18 (0.12.20 available)
  material_color_utilities 0.13.0 (0.13.1 available)
  meta 1.17.0 (1.19.0 available)
  mime 2.0.0 (2.1.0 available)
  native_toolchain_c 0.17.5 (0.19.5 available)
  objective_c 9.3.0 (9.6.0 available)
  octo_image 2.1.0 (2.1.2 available)
  package_config 2.2.0 (3.0.0 available)
  package_info_plus 9.0.1 (10.2.1 available)
  package_info_plus_platform_interface 3.2.1 (4.1.0 available)
  path_provider 2.1.5 (2.1.6 available)
  path_provider_android 2.2.22 (2.3.1 available)
  path_provider_linux 2.2.1 (2.2.2 available)
  path_provider_platform_interface 2.1.2 (2.1.3 available)
  permission_handler 12.0.3 (13.0.2 available)
  permission_handler_android 13.0.1 (14.1.0 available)
  permission_handler_apple 9.5.0 (9.6.2 available)
  permission_handler_platform_interface 4.4.0 (4.4.1 available)
  petitparser 7.0.2 (7.1.0 available)
  platform 3.1.6 (3.2.0 available)
  pool 1.5.2 (1.5.3 available)
  process 5.0.5 (5.0.6 available)
  pub_semver 2.2.0 (2.2.1 available)
  pubspec_parse 1.5.0 (1.6.0 available)
  record 6.2.1 (7.1.1 available)
  record_android 1.5.2 (2.2.0 available)
  record_ios 1.2.1 (2.1.1 available)
  record_linux 1.3.1 (2.1.2 available)
  record_macos 1.2.2 (2.1.1 available)
  record_platform_interface 1.6.0 (2.1.0 available)
  record_web 1.3.0 (2.1.3 available)
  record_windows 1.0.7 (2.3.0 available)
  riverpod 2.6.1 (3.4.3 available)
  riverpod_analyzer_utils 0.5.1 (0.5.10 available)
  riverpod_annotation 2.6.1 (4.0.7 available)
  riverpod_generator 2.4.0 (4.0.9 available)
  shared_preferences 2.5.4 (2.5.5 available)
  shared_preferences_android 2.4.21 (2.4.28 available)
  shared_preferences_foundation 2.5.6 (2.5.7 available)
  shared_preferences_platform_interface 2.4.1 (2.4.2 available)
  shelf_web_socket 2.0.1 (3.0.0 available)
  source_gen 1.5.0 (4.3.0 available)
  source_helper 1.3.5 (1.3.13 available)
  sqflite 2.4.2 (2.4.4 available)
  sqflite_android 2.4.2+3 (2.4.4 available)
  sqflite_common 2.5.6 (2.5.13 available)
  sqflite_darwin 2.4.2 (2.4.4 available)
  sqflite_platform_interface 2.4.0 (2.4.2 available)
  stack_trace 1.12.1 (1.12.2 available)
  stream_transform 2.1.1 (2.1.2 available)
  synchronized 3.4.0 (3.4.2 available)
  test_api 0.7.9 (0.7.14 available)
  url_launcher_android 6.3.30 (6.3.33 available)
  uuid 4.5.3 (4.6.0 available)
  vector_graphics 1.1.20 (1.2.3 available)
  vector_graphics_compiler 1.2.0 (1.3.0 available)
  vector_math 2.2.0 (2.4.3 available)
  vm_service 15.0.2 (15.3.0 available)
  webdriver 3.1.0 (3.2.0 available)
  webview_flutter_android 4.12.0 (4.14.1 available)
  webview_flutter_wkwebview 3.25.1 (3.26.2 available)
  win32 5.15.0 (6.4.0 available)
  xml 6.6.1 (7.1.0 available)
  yaml 3.1.3 (3.1.4 available)
Got dependencies!
132 packages have newer versions incompatible with dependency constraints.
Try `flutter pub outdated` for more information.
[app_ru.arb:discoverNotificationRepliesCount] ICU Syntax Warning: The plural part specified below is overridden by a later plural part.
    {count, plural, =1{1 новый ответ} one{{count} новый ответ} few{{count} новых ответа} many{{count} новых ответов} other{{count} новых ответа}}
                    ^
[app_ru.arb:discoverNotificationLikesCount] ICU Syntax Warning: The plural part specified below is overridden by a later plural part.
    {count, plural, =1{1 новый лайк} one{{count} новый лайк} few{{count} новых лайка} many{{count} новых лайков} other{{count} новых лайка}}
                    ^
[app_ru.arb:discoverTodayPicks] ICU Syntax Warning: The plural part specified below is overridden by a later plural part.
    {count, plural, =1{1 анкета} one{{count} анкета} few{{count} анкеты} many{{count} анкет} other{{count} анкеты}}
                    ^
[app_ru.arb:timeAgoMinutes] ICU Syntax Warning: The plural part specified below is overridden by a later plural part.
    {count, plural, =1{1 минуту назад} one{{count} минуту назад} few{{count} минуты назад} other{{count} минут назад}}
                    ^
[app_ru.arb:timeAgoHours] ICU Syntax Warning: The plural part specified below is overridden by a later plural part.
    {count, plural, =1{1 час назад} one{{count} час назад} few{{count} часа назад} other{{count} часов назад}}
                    ^
[app_ru.arb:timeAgoDays] ICU Syntax Warning: The plural part specified below is overridden by a later plural part.
    {count, plural, =1{1 день назад} one{{count} день назад} few{{count} дня назад} other{{count} дней назад}}
                    ^
[app_ru.arb:timeAgoWeeks] ICU Syntax Warning: The plural part specified below is overridden by a later plural part.
    {count, plural, =1{1 неделю назад} one{{count} неделю назад} few{{count} недели назад} other{{count} недель назад}}
                    ^
[app_ru.arb:chatCoinCount] ICU Syntax Warning: The plural part specified below is overridden by a later plural part.
    {count, plural, =1{1 монета} one{{count} монета} few{{count} монеты} many{{count} монет} other{{count} монеты}}
                    ^
[app_ru.arb:chatWalletTooltip] ICU Syntax Warning: The plural part specified below is overridden by a later plural part.
    Твой кошелёк · {count, plural, =1{1 монета} one{{count} монета} few{{count} монеты} many{{count} монет} other{{count} монеты}}
                                   ^
[app_ru.arb:discoverLikedMinutesAgo] ICU Syntax Warning: The plural part specified below is overridden by a later plural part.
    {count, plural, =1{Лайкнул(а) тебя 1 минуту назад} one{Лайкнул(а) тебя {count} минуту назад} few{Лайкнул(а) тебя {count} минуты назад} many{Лайкнул(а) тебя {count} минут назад} other{Лайкнул(а) тебя {count} минуты назад}}
                    ^
[app_ru.arb:discoverLikedHoursAgo] ICU Syntax Warning: The plural part specified below is overridden by a later plural part.
    {count, plural, =1{Лайкнул(а) тебя 1 час назад} one{Лайкнул(а) тебя {count} час назад} few{Лайкнул(а) тебя {count} часа назад} many{Лайкнул(а) тебя {count} часов назад} other{Лайкнул(а) тебя {count} часа назад}}
                    ^
[app_ru.arb:discoverLikedDaysAgo] ICU Syntax Warning: The plural part specified below is overridden by a later plural part.
    {count, plural, =1{Лайкнул(а) тебя 1 день назад} one{Лайкнул(а) тебя {count} день назад} few{Лайкнул(а) тебя {count} дня назад} many{Лайкнул(а) тебя {count} дней назад} other{Лайкнул(а) тебя {count} дня назад}}
                    ^
[app_ru.arb:discoverLikedWeeksAgo] ICU Syntax Warning: The plural part specified below is overridden by a later plural part.
    {count, plural, =1{Лайкнул(а) тебя 1 неделю назад} one{Лайкнул(а) тебя {count} неделю назад} few{Лайкнул(а) тебя {count} недели назад} many{Лайкнул(а) тебя {count} недель назад} other{Лайкнул(а) тебя {count} недели назад}}
                    ^
[app_ru.arb:chatCopilotDisclosure] ICU Syntax Warning: The plural part specified below is overridden by a later plural part.
    {disclosure} {count, plural, =1{Сегодня остался 1 черновик.} one{Сегодня остался {count} черновик.} few{Сегодня осталось {count} черновика.} many{Сегодня осталось {count} черновиков.} other{Сегодня осталось {count} черновика.}}
                                 ^
[app_ru.arb:accountDeletionIn] ICU Syntax Warning: The plural part specified below is overridden by a later plural part.
    {days, plural, =1{Удаление через 1 день} one{Удаление через {days} день} few{Удаление через {days} дня} other{Удаление через {days} дней}}
                   ^
[app_ru.arb:rewardBadgesEarned] ICU Syntax Warning: The plural part specified below is overridden by a later plural part.
    {count, plural, =1{Получен значок} one{Получен {count} значок} few{Получено {count} значка} other{Получено {count} значков}}
                    ^
Launching lib/main.dart on sdk gphone64 arm64 in debug mode...
Running Gradle task 'assembleDebug'...                          
[app_ru.arb:discoverNotificationRepliesCount] ICU Syntax Warning: The plural part specified below is overridden by a later plural part.
    {count, plural, =1{1 новый ответ} one{{count} новый ответ} few{{count} новых ответа} many{{count} новых ответов} other{{count} новых ответа}}
                    ^
[app_ru.arb:discoverNotificationLikesCount] ICU Syntax Warning: The plural part specified below is overridden by a later plural part.
    {count, plural, =1{1 новый лайк} one{{count} новый лайк} few{{count} новых лайка} many{{count} новых лайков} other{{count} новых лайка}}
                    ^
[app_ru.arb:discoverTodayPicks] ICU Syntax Warning: The plural part specified below is overridden by a later plural part.
    {count, plural, =1{1 анкета} one{{count} анкета} few{{count} анкеты} many{{count} анкет} other{{count} анкеты}}
                    ^
[app_ru.arb:timeAgoMinutes] ICU Syntax Warning: The plural part specified below is overridden by a later plural part.
    {count, plural, =1{1 минуту назад} one{{count} минуту назад} few{{count} минуты назад} other{{count} минут назад}}
                    ^
[app_ru.arb:timeAgoHours] ICU Syntax Warning: The plural part specified below is overridden by a later plural part.
    {count, plural, =1{1 час назад} one{{count} час назад} few{{count} часа назад} other{{count} часов назад}}
                    ^
[app_ru.arb:timeAgoDays] ICU Syntax Warning: The plural part specified below is overridden by a later plural part.
    {count, plural, =1{1 день назад} one{{count} день назад} few{{count} дня назад} other{{count} дней назад}}
                    ^
[app_ru.arb:timeAgoWeeks] ICU Syntax Warning: The plural part specified below is overridden by a later plural part.
    {count, plural, =1{1 неделю назад} one{{count} неделю назад} few{{count} недели назад} other{{count} недель назад}}
                    ^
[app_ru.arb:chatCoinCount] ICU Syntax Warning: The plural part specified below is overridden by a later plural part.
    {count, plural, =1{1 монета} one{{count} монета} few{{count} монеты} many{{count} монет} other{{count} монеты}}
                    ^
[app_ru.arb:chatWalletTooltip] ICU Syntax Warning: The plural part specified below is overridden by a later plural part.
    Твой кошелёк · {count, plural, =1{1 монета} one{{count} монета} few{{count} монеты} many{{count} монет} other{{count} монеты}}
                                   ^
[app_ru.arb:discoverLikedMinutesAgo] ICU Syntax Warning: The plural part specified below is overridden by a later plural part.
    {count, plural, =1{Лайкнул(а) тебя 1 минуту назад} one{Лайкнул(а) тебя {count} минуту назад} few{Лайкнул(а) тебя {count} минуты назад} many{Лайкнул(а) тебя {count} минут назад} other{Лайкнул(а) тебя {count} минуты назад}}
                    ^
[app_ru.arb:discoverLikedHoursAgo] ICU Syntax Warning: The plural part specified below is overridden by a later plural part.
    {count, plural, =1{Лайкнул(а) тебя 1 час назад} one{Лайкнул(а) тебя {count} час назад} few{Лайкнул(а) тебя {count} часа назад} many{Лайкнул(а) тебя {count} часов назад} other{Лайкнул(а) тебя {count} часа назад}}
                    ^
[app_ru.arb:discoverLikedDaysAgo] ICU Syntax Warning: The plural part specified below is overridden by a later plural part.
    {count, plural, =1{Лайкнул(а) тебя 1 день назад} one{Лайкнул(а) тебя {count} день назад} few{Лайкнул(а) тебя {count} дня назад} many{Лайкнул(а) тебя {count} дней назад} other{Лайкнул(а) тебя {count} дня назад}}
                    ^
[app_ru.arb:discoverLikedWeeksAgo] ICU Syntax Warning: The plural part specified below is overridden by a later plural part.
    {count, plural, =1{Лайкнул(а) тебя 1 неделю назад} one{Лайкнул(а) тебя {count} неделю назад} few{Лайкнул(а) тебя {count} недели назад} many{Лайкнул(а) тебя {count} недель назад} other{Лайкнул(а) тебя {count} недели назад}}
                    ^
[app_ru.arb:chatCopilotDisclosure] ICU Syntax Warning: The plural part specified below is overridden by a later plural part.
    {disclosure} {count, plural, =1{Сегодня остался 1 черновик.} one{Сегодня остался {count} черновик.} few{Сегодня осталось {count} черновика.} many{Сегодня осталось {count} черновиков.} other{Сегодня осталось {count} черновика.}}
                                 ^
[app_ru.arb:accountDeletionIn] ICU Syntax Warning: The plural part specified below is overridden by a later plural part.
    {days, plural, =1{Удаление через 1 день} one{Удаление через {days} день} few{Удаление через {days} дня} other{Удаление через {days} дней}}
                   ^
[app_ru.arb:rewardBadgesEarned] ICU Syntax Warning: The plural part specified below is overridden by a later plural part.
    {count, plural, =1{Получен значок} one{Получен {count} значок} few{Получено {count} значка} other{Получено {count} значков}}
                    ^
Running Gradle task 'assembleDebug'...                             10.0s
✓ Built build/app/outputs/flutter-apk/app-debug.apk
Installing build/app/outputs/flutter-apk/app-debug.apk...          753ms
D/FlutterJNI( 3863): Beginning load of flutter...
D/FlutterJNI( 3863): flutter (null) was loaded normally!
I/flutter ( 3863): [IMPORTANT:flutter/shell/platform/android/android_context_gl_impeller.cc(104)] Using the Impeller rendering backend (OpenGLES).
D/FlutterGeolocator( 3863): Attaching Geolocator to activity
Syncing files to device sdk gphone64 arm64...                   
D/FlutterRenderer( 3863): Width is zero. 0,0
D/CompatChangeReporter( 3863): Compat change id reported: 377864165; UID 10232; state: ENABLED
W/HWUI    ( 3863): Unknown dataspace 0
Syncing files to device sdk gphone64 arm64...                       71ms

Flutter run key commands.
r Hot reload. 🔥🔥🔥
R Hot restart.
h List all available interactive commands.
d Detach (terminate "flutter run" but leave application running).
c Clear the screen
q Quit (terminate the application on the device).

A Dart VM Service on sdk gphone64 arm64 is available at: http://127.0.0.1:58774/HDRe7EU6i3s=/
The Flutter DevTools debugger and profiler on sdk gphone64 arm64 is available at: http://127.0.0.1:58774/HDRe7EU6i3s=/devtools/?uri=ws://127.0.0.1:58774/HDRe7EU6i3s=/ws
D/ActivityThread( 3863): Package [com.google.android.partnersetup] reported as REPLACED, but missing application info. Assuming REMOVED.
D/ActivityThread( 3863): Package [com.google.android.partnersetup] reported as REPLACED, but missing application info. Assuming REMOVED.
D/FlutterGeolocator( 3863): Creating service.
D/FlutterGeolocator( 3863): Binding to location service.
D/WindowOnBackDispatcher( 3863): setTopOnBackInvokedCallback (unwrapped): android.app.Activity$$ExternalSyntheticLambda0@939c18e
I/WindowExtensionsImpl( 3863): Initializing Window Extensions, vendor API level=9, activity embedding enabled=true
D/VRI[MainActivity]( 3863): WindowInsets changed: 1080x2400 statusBars:[0,63,0,0] navigationBars:[0,0,0,63] mandatorySystemGestures:[0,63,0,84] 
D/FlutterRenderer( 3863): Width is zero. 0,0
D/FlutterRenderer( 3863): Width is zero. 0,0
D/FlutterJNI( 3863): Sending viewport metrics to the engine.
I/fied_dating_app( 3863): Compiler allocated 5145KB to compile void android.view.ViewRootImpl.performTraversals()
D/FlutterGeolocator( 3863): Geolocator foreground service connected
D/FlutterGeolocator( 3863): Initializing Geolocator services
D/FlutterGeolocator( 3863): Flutter engine connected. Connected engine count 1
I/Choreographer( 3863): Skipped 38 frames!  The application may be doing too much work on its main thread.
D/WindowLayoutComponentImpl( 3863): Register WindowLayoutInfoListener on Context=com.verified_dating.verified_dating_app.MainActivity@ac14333, of which baseContext=android.app.ContextImpl@997e5ab
D/FlutterJNI( 3863): Sending viewport metrics to the engine.
I/Choreographer( 3863): Skipped 51 frames!  The application may be doing too much work on its main thread.
I/flutter ( 3863): {"timestamp":"2026-10-02T08:26:43.382101Z","level":"INFO","message":"api_request","correlation_id":"65cd74ad3c518-2de61364","fields":{"method":"GET","path":"/config/flags"}}
I/flutter ( 3863): {"timestamp":"2026-10-02T08:26:43.384214Z","level":"INFO","message":"api_request","correlation_id":"65cd74ad3d362-7305147d","fields":{"method":"GET","path":"/settings/845392c7-ca14-44d6-8969-0e82eb60bf86"}}
I/flutter ( 3863): {"timestamp":"2026-10-02T08:26:43.385023Z","level":"INFO","message":"api_request","correlation_id":"65cd74ad3d6a4-4981b32e","fields":{"method":"GET","path":"/notifications/845392c7-ca14-44d6-8969-0e82eb60bf86"}}
I/flutter ( 3863): {"timestamp":"2026-10-02T08:26:43.385506Z","level":"INFO","message":"api_request","correlation_id":"65cd74ad3d77f-4300faa2","fields":{"method":"GET","path":"/notifications/845392c7-ca14-44d6-8969-0e82eb60bf86/unread-count"}}
I/flutter ( 3863): {"timestamp":"2026-10-02T08:26:43.385870Z","level":"INFO","message":"api_request","correlation_id":"65cd74ad3d9f8-2bb193d1","fields":{"method":"GET","path":"/notifications/845392c7-ca14-44d6-8969-0e82eb60bf86/preferences"}}
I/flutter ( 3863): {"timestamp":"2026-10-02T08:26:43.386537Z","level":"INFO","message":"api_request","correlation_id":"65cd74ad3dc18-5b42a1dc","fields":{"method":"GET","path":"/account/845392c7-ca14-44d6-8969-0e82eb60bf86/dating-preferences"}}
I/flutter ( 3863): {"timestamp":"2026-10-02T08:26:43.387154Z","level":"INFO","message":"api_request","correlation_id":"65cd74ad3def7-767a2a6f","fields":{"method":"GET","path":"/billing/coexistence-matrix"}}
I/flutter ( 3863): {"timestamp":"2026-10-02T08:26:43.387568Z","level":"INFO","message":"api_request","correlation_id":"65cd74ad3e09d-46d65340","fields":{"method":"GET","path":"/profile/845392c7-ca14-44d6-8969-0e82eb60bf86"}}
I/flutter ( 3863): {"timestamp":"2026-10-02T08:26:43.389417Z","level":"INFO","message":"api_request","correlation_id":"65cd74ad3e7bb-6f143b36","fields":{"method":"GET","path":"/themes/cover"}}
I/flutter ( 3863): {"timestamp":"2026-10-02T08:26:43.389715Z","level":"INFO","message":"api_request","correlation_id":"65cd74ad3e8fc-5c8e1c41","fields":{"method":"GET","path":"/walls/today"}}
I/flutter ( 3863): {"timestamp":"2026-10-02T08:26:43.389979Z","level":"INFO","message":"api_request","correlation_id":"65cd74ad3ea09-1de683d5","fields":{"method":"GET","path":"/profile/845392c7-ca14-44d6-8969-0e82eb60bf86/stories"}}
I/flutter ( 3863): {"timestamp":"2026-10-02T08:26:43.390496Z","level":"INFO","message":"api_request","correlation_id":"65cd74ad3ec08-1b9620d8","fields":{"method":"GET","path":"/walls/celebrations"}}
I/flutter ( 3863): {"timestamp":"2026-10-02T08:26:43.391311Z","level":"INFO","message":"api_request","correlation_id":"65cd74ad3ef15-22e8129d","fields":{"method":"GET","path":"/progression/845392c7-ca14-44d6-8969-0e82eb60bf86"}}
I/flutter ( 3863): {"timestamp":"2026-10-02T08:26:43.393505Z","level":"INFO","message":"api_request","correlation_id":"65cd74ad3f114-1ecda2d6","fields":{"method":"GET","path":"/progression/845392c7-ca14-44d6-8969-0e82eb60bf86/ledger","query_keys":["limit"]}}
I/flutter ( 3863): {"timestamp":"2026-10-02T08:26:43.396193Z","level":"INFO","message":"api_request","correlation_id":"65cd74ad401aa-7e506acc","fields":{"method":"GET","path":"/users/845392c7-ca14-44d6-8969-0e82eb60bf86/trust-badges"}}
I/flutter ( 3863): {"timestamp":"2026-10-02T08:26:43.396605Z","level":"INFO","message":"api_request","correlation_id":"65cd74ad403de-365f5284","fields":{"method":"GET","path":"/discovery/845392c7-ca14-44d6-8969-0e82eb60bf86","query_keys":["limit","mode"]}}
I/flutter ( 3863): {"timestamp":"2026-10-02T08:26:43.396860Z","level":"INFO","message":"api_request","correlation_id":"65cd74ad40477-49aa5add","fields":{"method":"GET","path":"/discovery/845392c7-ca14-44d6-8969-0e82eb60bf86/today"}}
I/flutter ( 3863): {"timestamp":"2026-10-02T08:26:43.397104Z","level":"INFO","message":"api_request","correlation_id":"65cd74ad405d3-46e8f18a","fields":{"method":"GET","path":"/account/845392c7-ca14-44d6-8969-0e82eb60bf86/discovery/pause"}}
I/flutter ( 3863): {"timestamp":"2026-10-02T08:26:43.397414Z","level":"INFO","message":"api_request","correlation_id":"65cd74ad40691-3c965ff2","fields":{"method":"GET","path":"/engagement/daily-prompt/845392c7-ca14-44d6-8969-0e82eb60bf86"}}
I/flutter ( 3863): {"timestamp":"2026-10-02T08:26:43.398313Z","level":"INFO","message":"api_request","correlation_id":"65cd74ad40a7a-29521c46","fields":{"method":"GET","path":"/discovery/845392c7-ca14-44d6-8969-0e82eb60bf86/liked-me","query_keys":["limit"]}}
I/flutter ( 3863): {"timestamp":"2026-10-02T08:26:43.398480Z","level":"INFO","message":"api_request","correlation_id":"65cd74ad40b3c-27ad54f1","fields":{"method":"GET","path":"/profile/845392c7-ca14-44d6-8969-0e82eb60bf86/summary"}}
I/flutter ( 3863): {"timestamp":"2026-10-02T08:26:43.614060Z","level":"INFO","message":"api_response","correlation_id":"65cd74ad3c518-2de61364","fields":{"method":"GET","path":"/config/flags","status":200,"duration_ms":232}}
I/flutter ( 3863): {"timestamp":"2026-10-02T08:26:43.629480Z","level":"INFO","message":"api_response","correlation_id":"65cd74ad3d362-7305147d","fields":{"method":"GET","path":"/settings/845392c7-ca14-44d6-8969-0e82eb60bf86","status":200,"duration_ms":245}}
I/flutter ( 3863): {"timestamp":"2026-10-02T08:26:43.636988Z","level":"INFO","message":"api_response","correlation_id":"65cd74ad3d9f8-2bb193d1","fields":{"method":"GET","path":"/notifications/845392c7-ca14-44d6-8969-0e82eb60bf86/preferences","status":200,"duration_ms":251}}
I/flutter ( 3863): {"timestamp":"2026-10-02T08:26:43.638893Z","level":"INFO","message":"api_response","correlation_id":"65cd74ad3dc18-5b42a1dc","fields":{"method":"GET","path":"/account/845392c7-ca14-44d6-8969-0e82eb60bf86/dating-preferences","status":200,"duration_ms":252}}
I/flutter ( 3863): {"timestamp":"2026-10-02T08:26:43.645917Z","level":"INFO","message":"api_response","correlation_id":"65cd74ad3d77f-4300faa2","fields":{"method":"GET","path":"/notifications/845392c7-ca14-44d6-8969-0e82eb60bf86/unread-count","status":200,"duration_ms":260}}
I/flutter ( 3863): {"timestamp":"2026-10-02T08:26:43.650377Z","level":"INFO","message":"api_response","correlation_id":"65cd74ad3ec08-1b9620d8","fields":{"method":"GET","path":"/walls/celebrations","status":200,"duration_ms":259}}
I/flutter ( 3863): {"timestamp":"2026-10-02T08:26:43.651435Z","level":"INFO","message":"api_response","correlation_id":"65cd74ad3d6a4-4981b32e","fields":{"method":"GET","path":"/notifications/845392c7-ca14-44d6-8969-0e82eb60bf86","status":200,"duration_ms":266}}
I/flutter ( 3863): {"timestamp":"2026-10-02T08:26:43.674646Z","level":"INFO","message":"api_response","correlation_id":"65cd74ad3ea09-1de683d5","fields":{"method":"GET","path":"/profile/845392c7-ca14-44d6-8969-0e82eb60bf86/stories","status":200,"duration_ms":284}}
I/flutter ( 3863): {"timestamp":"2026-10-02T08:26:43.675859Z","level":"INFO","message":"api_response","correlation_id":"65cd74ad3f114-1ecda2d6","fields":{"method":"GET","path":"/progression/845392c7-ca14-44d6-8969-0e82eb60bf86/ledger","status":200,"duration_ms":282}}
I/flutter ( 3863): {"timestamp":"2026-10-02T08:26:43.676724Z","level":"INFO","message":"api_response","correlation_id":"65cd74ad405d3-46e8f18a","fields":{"method":"GET","path":"/account/845392c7-ca14-44d6-8969-0e82eb60bf86/discovery/pause","status":200,"duration_ms":279}}
I/flutter ( 3863): {"timestamp":"2026-10-02T08:26:43.679973Z","level":"INFO","message":"api_response","correlation_id":"65cd74ad40a7a-29521c46","fields":{"method":"GET","path":"/discovery/845392c7-ca14-44d6-8969-0e82eb60bf86/liked-me","status":200,"duration_ms":281}}
I/flutter ( 3863): {"timestamp":"2026-10-02T08:26:43.681852Z","level":"INFO","message":"api_response","correlation_id":"65cd74ad40691-3c965ff2","fields":{"method":"GET","path":"/engagement/daily-prompt/845392c7-ca14-44d6-8969-0e82eb60bf86","status":200,"duration_ms":284}}
I/flutter ( 3863): {"timestamp":"2026-10-02T08:26:44.339687Z","level":"INFO","message":"api_response","correlation_id":"65cd74ad40b3c-27ad54f1","fields":{"method":"GET","path":"/profile/845392c7-ca14-44d6-8969-0e82eb60bf86/summary","status":200,"duration_ms":941}}
I/flutter ( 3863): {"timestamp":"2026-10-02T08:26:44.356151Z","level":"INFO","message":"api_response","correlation_id":"65cd74ad3def7-767a2a6f","fields":{"method":"GET","path":"/billing/coexistence-matrix","status":200,"duration_ms":968}}
I/flutter ( 3863): {"timestamp":"2026-10-02T08:26:44.366693Z","level":"INFO","message":"api_response","correlation_id":"65cd74ad3ef15-22e8129d","fields":{"method":"GET","path":"/progression/845392c7-ca14-44d6-8969-0e82eb60bf86","status":200,"duration_ms":975}}
I/flutter ( 3863): {"timestamp":"2026-10-02T08:26:44.368752Z","level":"INFO","message":"api_response","correlation_id":"65cd74ad3e09d-46d65340","fields":{"method":"GET","path":"/profile/845392c7-ca14-44d6-8969-0e82eb60bf86","status":200,"duration_ms":981}}
I/flutter ( 3863): {"timestamp":"2026-10-02T08:26:44.375812Z","level":"INFO","message":"api_response","correlation_id":"65cd74ad3e7bb-6f143b36","fields":{"method":"GET","path":"/themes/cover","status":200,"duration_ms":986}}
I/flutter ( 3863): {"timestamp":"2026-10-02T08:26:44.378056Z","level":"INFO","message":"api_response","correlation_id":"65cd74ad3e8fc-5c8e1c41","fields":{"method":"GET","path":"/walls/today","status":200,"duration_ms":988}}
I/flutter ( 3863): {"timestamp":"2026-10-02T08:26:44.401862Z","level":"INFO","message":"api_request","correlation_id":"65cd74ae35a97-526d9b19","fields":{"method":"GET","path":"/settings/845392c7-ca14-44d6-8969-0e82eb60bf86"}}
I/flutter ( 3863): {"timestamp":"2026-10-02T08:26:44.402212Z","level":"INFO","message":"api_response","correlation_id":"65cd74ad40477-49aa5add","fields":{"method":"GET","path":"/discovery/845392c7-ca14-44d6-8969-0e82eb60bf86/today","status":200,"duration_ms":1005}}
I/flutter ( 3863): {"timestamp":"2026-10-02T08:26:44.402443Z","level":"INFO","message":"api_response","correlation_id":"65cd74ad403de-365f5284","fields":{"method":"GET","path":"/discovery/845392c7-ca14-44d6-8969-0e82eb60bf86","status":200,"duration_ms":1005}}
I/flutter ( 3863): {"timestamp":"2026-10-02T08:26:44.404715Z","level":"INFO","message":"api_request","correlation_id":"65cd74ae365bf-75fb33aa","fields":{"method":"GET","path":"/discovery/845392c7-ca14-44d6-8969-0e82eb60bf86/liked-me","query_keys":["limit"]}}
I/flutter ( 3863): {"timestamp":"2026-10-02T08:26:44.404967Z","level":"INFO","message":"api_request","correlation_id":"65cd74ae366d0-3a44280a","fields":{"method":"GET","path":"/engagement/daily-prompt/845392c7-ca14-44d6-8969-0e82eb60bf86/responders","query_keys":["limit","offset"]}}
I/flutter ( 3863): {"timestamp":"2026-10-02T08:26:44.405576Z","level":"INFO","message":"api_response","correlation_id":"65cd74ad401aa-7e506acc","fields":{"method":"GET","path":"/users/845392c7-ca14-44d6-8969-0e82eb60bf86/trust-badges","status":200,"duration_ms":1009}}
I/flutter ( 3863): {"timestamp":"2026-10-02T08:26:44.410355Z","level":"INFO","message":"api_request","correlation_id":"65cd74ae37bbf-6a4506fb","fields":{"method":"GET","path":"/discovery/845392c7-ca14-44d6-8969-0e82eb60bf86/liked-me","query_keys":["limit"]}}
I/flutter ( 3863): {"timestamp":"2026-10-02T08:26:44.415807Z","level":"INFO","message":"api_request","correlation_id":"65cd74ae390e2-aedfdb6","fields":{"method":"GET","path":"/discovery/845392c7-ca14-44d6-8969-0e82eb60bf86/liked-me","query_keys":["limit"]}}
I/Choreographer( 3863): Skipped 63 frames!  The application may be doing too much work on its main thread.
D/FlutterJNI( 3863): Sending viewport metrics to the engine.
I/HWUI    ( 3863): Davey! duration=1107ms; Flags=1, FrameTimelineVsyncId=4411, IntendedVsync=40809196940, Vsync=41859196898, InputEventId=0, HandleInputStart=41872511144, AnimationStart=41872512144, PerformTraversalsStart=41872512727, DrawStart=41897902727, FrameDeadline=40825863606, FrameStartTime=41872075977, FrameInterval=16666666, WorkloadTarget=16666666, SyncQueued=41899973477, SyncStart=41900316310, IssueDrawCommandsStart=41901672977, SwapBuffers=41910681602, FrameCompleted=41917005227, DequeueBufferDuration=648292, QueueBufferDuration=141041, GpuCompleted=41916340394, SwapBuffersCompleted=41917005227, DisplayPresentTime=0, CommandSubmissionCompleted=41910681602, 
I/FLTFireBGExecutor( 3863): Creating background FlutterEngine instance, with args: [--enable-dart-profiling]
D/FLTFireContextHolder( 3863): received application context.
I/flutter ( 3863): [IMPORTANT:flutter/shell/platform/android/android_context_gl_impeller.cc(104)] Using the Impeller rendering backend (OpenGLES).
I/flutter ( 3863): {"timestamp":"2026-10-02T08:26:46.079433Z","level":"INFO","message":"api_response","correlation_id":"65cd74ae35a97-526d9b19","fields":{"method":"GET","path":"/settings/845392c7-ca14-44d6-8969-0e82eb60bf86","status":200,"duration_ms":1677}}
I/flutter ( 3863): {"timestamp":"2026-10-02T08:26:46.083091Z","level":"INFO","message":"api_response","correlation_id":"65cd74ae365bf-75fb33aa","fields":{"method":"GET","path":"/discovery/845392c7-ca14-44d6-8969-0e82eb60bf86/liked-me","status":200,"duration_ms":1678}}
I/flutter ( 3863): {"timestamp":"2026-10-02T08:26:46.091612Z","level":"INFO","message":"api_response","correlation_id":"65cd74ae366d0-3a44280a","fields":{"method":"GET","path":"/engagement/daily-prompt/845392c7-ca14-44d6-8969-0e82eb60bf86/responders","status":200,"duration_ms":1686}}
I/flutter ( 3863): {"timestamp":"2026-10-02T08:26:46.093711Z","level":"INFO","message":"api_response","correlation_id":"65cd74ae37bbf-6a4506fb","fields":{"method":"GET","path":"/discovery/845392c7-ca14-44d6-8969-0e82eb60bf86/liked-me","status":200,"duration_ms":1683}}
I/flutter ( 3863): {"timestamp":"2026-10-02T08:26:46.094499Z","level":"INFO","message":"api_response","correlation_id":"65cd74ae390e2-aedfdb6","fields":{"method":"GET","path":"/discovery/845392c7-ca14-44d6-8969-0e82eb60bf86/liked-me","status":200,"duration_ms":1678}}
I/flutter ( 3863): {"timestamp":"2026-10-02T08:26:46.094956Z","level":"INFO","message":"api_request","correlation_id":"65cd74afd2f73-de7d2d4","fields":{"method":"GET","path":"/themes/6bdbc42d-ccea-4127-8dc4-b338241decf3/entries/a3b0da50-88eb-4e10-96c1-d3e0f4e2fd4a/photo"}}
I/flutter ( 3863): {"timestamp":"2026-10-02T08:26:46.095505Z","level":"INFO","message":"api_request","correlation_id":"65cd74afd327e-6941a67b","fields":{"method":"GET","path":"/profile/845392c7-ca14-44d6-8969-0e82eb60bf86/showcase"}}
I/flutter ( 3863): {"timestamp":"2026-10-02T08:26:46.156171Z","level":"INFO","message":"api_request","correlation_id":"65cd74afe1eda-3c65d5c5","fields":{"method":"GET","path":"/users/845392c7-ca14-44d6-8969-0e82eb60bf86/vouches"}}
D/ProfileInstaller( 3863): Installing profile for com.verified_dating.verified_dating_app
I/flutter ( 3863): {"timestamp":"2026-10-02T08:26:46.319537Z","level":"ERROR","message":"api_error","correlation_id":"65cd74afd2f73-de7d2d4","fields":{"method":"GET","path":"/themes/6bdbc42d-ccea-4127-8dc4-b338241decf3/entries/a3b0da50-88eb-4e10-96c1-d3e0f4e2fd4a/photo","status":404,"failure":"badResponse","duration_ms":224},"error":"DioException [bad response]: This exception was thrown because the response has a status code of 404 and RequestOptions.validateStatus was configured to throw for this status code.\nThe status code of 404 has the following meaning: \"Client error - the request contains bad syntax or cannot be fulfilled\"\nRead more about status codes at https://developer.mozilla.org/en-US/docs/Web/HTTP/Status\nIn order to resolve this exception you typically have either to verify and fix your request code or you have to fix the server code.\n","stack_trace":"#0      DioMixin.request (package:dio/src/dio_mixin.dart:364:36)\n#1      DioMixin.get (package:dio/src/dio_mixin.dart:71:12)\n#2      themeEntryPhotoProvider
D/FlutterGeolocator( 3863): Geolocator foreground service connected
D/FlutterGeolocator( 3863): Initializing Geolocator services
D/FlutterGeolocator( 3863): Flutter engine connected. Connected engine count 2
I/FLTFireMsgService( 3863): FlutterFirebaseMessagingBackgroundService started!
D/FlutterJNI( 3863): Sending viewport metrics to the engine.
D/InsetsController( 3863): hide(ime())
I/ImeTracker( 3863): com.verified_dating.verified_dating_app:82547685: onCancelled at PHASE_CLIENT_ALREADY_HIDDEN
I/flutter ( 3863): {"timestamp":"2026-10-02T08:26:46.330927Z","level":"INFO","message":"api_response","correlation_id":"65cd74afe1eda-3c65d5c5","fields":{"method":"GET","path":"/users/845392c7-ca14-44d6-8969-0e82eb60bf86/vouches","status":200,"duration_ms":174}}
I/flutter ( 3863): {"timestamp":"2026-10-02T08:26:46.333133Z","level":"INFO","message":"api_response","correlation_id":"65cd74afd327e-6941a67b","fields":{"method":"GET","path":"/profile/845392c7-ca14-44d6-8969-0e82eb60bf86/showcase","status":200,"duration_ms":237}}
I/flutter ( 3863): {"timestamp":"2026-10-02T08:26:46.490927Z","level":"INFO","message":"api_request","correlation_id":"65cd74b033ae7-6b52875c","fields":{"method":"GET","path":"/profile/845392c7-ca14-44d6-8969-0e82eb60bf86/showcase/consent"}}
I/flutter ( 3863): {"timestamp":"2026-10-02T08:26:46.500817Z","level":"INFO","message":"api_response","correlation_id":"65cd74b033ae7-6b52875c","fields":{"method":"GET","path":"/profile/845392c7-ca14-44d6-8969-0e82eb60bf86/showcase/consent","status":200,"duration_ms":9}}
D/ActivityThread( 3863): Package [com.google.android.webview] reported as REPLACED, but missing application info. Assuming REMOVED.
D/ActivityThread( 3863): Package [com.google.android.webview] reported as REPLACED, but missing application info. Assuming REMOVED.
I/flutter ( 3863): {"timestamp":"2026-10-02T08:26:57.898725Z","level":"INFO","message":"api_request","correlation_id":"65cd74bb13915-6c539f72","fields":{"method":"GET","path":"/config/flags"}}
I/flutter ( 3863): {"timestamp":"2026-10-02T08:26:57.924501Z","level":"INFO","message":"api_response","correlation_id":"65cd74bb13915-6c539f72","fields":{"method":"GET","path":"/config/flags","status":200,"duration_ms":30}}
D/ActivityThread( 3863): Package [com.google.android.as.oss] reported as REPLACED, but missing application info. Assuming REMOVED.
D/ActivityThread( 3863): Package [com.google.android.as.oss] reported as REPLACED, but missing application info. Assuming REMOVED.
W/fied_dating_app( 3863): userfaultfd: MOVE ioctl seems unsupported: Connection timed out
I/flutter ( 3863): {"timestamp":"2026-10-02T08:27:12.895066Z","level":"INFO","message":"api_request","correlation_id":"65cd74c9610e2-5db2ed2","fields":{"method":"GET","path":"/config/flags"}}
I/flutter ( 3863): {"timestamp":"2026-10-02T08:27:12.912573Z","level":"INFO","message":"api_response","correlation_id":"65cd74c9610e2-5db2ed2","fields":{"method":"GET","path":"/config/flags","status":200,"duration_ms":20}}
I/flutter ( 3863): {"timestamp":"2026-10-02T08:27:27.901124Z","level":"INFO","message":"api_request","correlation_id":"65cd74d7af45f-5869b06a","fields":{"method":"GET","path":"/config/flags"}}
I/flutter ( 3863): {"timestamp":"2026-10-02T08:27:27.913339Z","level":"INFO","message":"api_response","correlation_id":"65cd74d7af45f-5869b06a","fields":{"method":"GET","path":"/config/flags","status":200,"duration_ms":21}}
I/flutter ( 3863): {"timestamp":"2026-10-02T08:27:42.892433Z","level":"INFO","message":"api_request","correlation_id":"65cd74e5fd7e0-7c81fa43","fields":{"method":"GET","path":"/config/flags"}}
I/flutter ( 3863): {"timestamp":"2026-10-02T08:27:42.903891Z","level":"INFO","message":"api_response","correlation_id":"65cd74e5fd7e0-7c81fa43","fields":{"method":"GET","path":"/config/flags","status":200,"duration_ms":11}}
I/flutter ( 3863): {"timestamp":"2026-10-02T08:27:43.062779Z","level":"INFO","message":"api_request","correlation_id":"65cd74e6272c7-24dfb4bf","fields":{"method":"GET","path":"/progression/845392c7-ca14-44d6-8969-0e82eb60bf86"}}
I/flutter ( 3863): {"timestamp":"2026-10-02T08:27:43.062992Z","level":"INFO","message":"api_request","correlation_id":"65cd74e6273b4-7f21570e","fields":{"method":"GET","path":"/progression/845392c7-ca14-44d6-8969-0e82eb60bf86/ledger","query_keys":["limit"]}}
I/flutter ( 3863): {"timestamp":"2026-10-02T08:27:43.063139Z","level":"INFO","message":"api_request","correlation_id":"65cd74e627453-7d4fb538","fields":{"method":"GET","path":"/users/845392c7-ca14-44d6-8969-0e82eb60bf86/trust-badges"}}
I/flutter ( 3863): {"timestamp":"2026-10-02T08:27:43.074841Z","level":"INFO","message":"api_response","correlation_id":"65cd74e6272c7-24dfb4bf","fields":{"method":"GET","path":"/progression/845392c7-ca14-44d6-8969-0e82eb60bf86","status":200,"duration_ms":12}}
I/flutter ( 3863): {"timestamp":"2026-10-02T08:27:43.075393Z","level":"INFO","message":"api_response","correlation_id":"65cd74e6273b4-7f21570e","fields":{"method":"GET","path":"/progression/845392c7-ca14-44d6-8969-0e82eb60bf86/ledger","status":200,"duration_ms":12}}
I/flutter ( 3863): {"timestamp":"2026-10-02T08:27:43.141364Z","level":"INFO","message":"api_response","correlation_id":"65cd74e627453-7d4fb538","fields":{"method":"GET","path":"/users/845392c7-ca14-44d6-8969-0e82eb60bf86/trust-badges","status":200,"duration_ms":78}}
I/flutter ( 3863): {"timestamp":"2026-10-02T08:27:57.887285Z","level":"INFO","message":"api_request","correlation_id":"65cd74f44a5ed-310c1ee7","fields":{"method":"GET","path":"/config/flags"}}
I/flutter ( 3863): {"timestamp":"2026-10-02T08:27:57.901600Z","level":"INFO","message":"api_response","correlation_id":"65cd74f44a5ed-310c1ee7","fields":{"method":"GET","path":"/config/flags","status":200,"duration_ms":14}}
D/WindowOnBackDispatcher( 3863): setTopOnBackInvokedCallback (unwrapped): io.flutter.embedding.android.FlutterActivity$1@1258b28
I/flutter ( 3863): {"timestamp":"2026-10-02T08:28:12.888793Z","level":"INFO","message":"api_request","correlation_id":"65cd750298dcb-4a01b91","fields":{"method":"GET","path":"/config/flags"}}
I/flutter ( 3863): {"timestamp":"2026-10-02T08:28:12.897683Z","level":"INFO","message":"api_response","correlation_id":"65cd750298dcb-4a01b91","fields":{"method":"GET","path":"/config/flags","status":200,"duration_ms":9}}
I/flutter ( 3863): {"timestamp":"2026-10-02T08:28:27.891262Z","level":"INFO","message":"api_request","correlation_id":"65cd7510e76b9-275e517b","fields":{"method":"GET","path":"/config/flags"}}
I/flutter ( 3863): {"timestamp":"2026-10-02T08:28:27.910044Z","level":"INFO","message":"api_response","correlation_id":"65cd7510e76b9-275e517b","fields":{"method":"GET","path":"/config/flags","status":200,"duration_ms":19}}
I/flutter ( 3863): {"timestamp":"2026-10-02T08:28:42.889119Z","level":"INFO","message":"api_request","correlation_id":"65cd751f3526d-51598fb6","fields":{"method":"GET","path":"/config/flags"}}
I/flutter ( 3863): {"timestamp":"2026-10-02T08:28:42.898225Z","level":"INFO","message":"api_response","correlation_id":"65cd751f3526d-51598fb6","fields":{"method":"GET","path":"/config/flags","status":200,"duration_ms":9}}
I/flutter ( 3863): {"timestamp":"2026-10-02T08:28:43.061192Z","level":"INFO","message":"api_request","correlation_id":"65cd751f5f287-4b4ddc9c","fields":{"method":"GET","path":"/progression/845392c7-ca14-44d6-8969-0e82eb60bf86"}}
I/flutter ( 3863): {"timestamp":"2026-10-02T08:28:43.061506Z","level":"INFO","message":"api_request","correlation_id":"65cd751f5f4bc-677fa9b9","fields":{"method":"GET","path":"/progression/845392c7-ca14-44d6-8969-0e82eb60bf86/ledger","query_keys":["limit"]}}
I/flutter ( 3863): {"timestamp":"2026-10-02T08:28:43.061809Z","level":"INFO","message":"api_request","correlation_id":"65cd751f5f57e-5001f2f","fields":{"method":"GET","path":"/users/845392c7-ca14-44d6-8969-0e82eb60bf86/trust-badges"}}
I/flutter ( 3863): {"timestamp":"2026-10-02T08:28:43.068462Z","level":"INFO","message":"api_response","correlation_id":"65cd751f5f287-4b4ddc9c","fields":{"method":"GET","path":"/progression/845392c7-ca14-44d6-8969-0e82eb60bf86","status":200,"duration_ms":7}}
I/flutter ( 3863): {"timestamp":"2026-10-02T08:28:43.072982Z","level":"INFO","message":"api_response","correlation_id":"65cd751f5f4bc-677fa9b9","fields":{"method":"GET","path":"/progression/845392c7-ca14-44d6-8969-0e82eb60bf86/ledger","status":200,"duration_ms":11}}
I/flutter ( 3863): {"timestamp":"2026-10-02T08:28:43.126879Z","level":"INFO","message":"api_response","correlation_id":"65cd751f5f57e-5001f2f","fields":{"method":"GET","path":"/users/845392c7-ca14-44d6-8969-0e82eb60bf86/trust-badges","status":200,"duration_ms":65}}
I/flutter ( 3863): {"timestamp":"2026-10-02T08:28:57.892282Z","level":"INFO","message":"api_request","correlation_id":"65cd752d83f04-75a4984d","fields":{"method":"GET","path":"/config/flags"}}
I/flutter ( 3863): {"timestamp":"2026-10-02T08:28:57.909154Z","level":"INFO","message":"api_response","correlation_id":"65cd752d83f04-75a4984d","fields":{"method":"GET","path":"/config/flags","status":200,"duration_ms":17}}
I/flutter ( 3863): {"timestamp":"2026-10-02T08:29:12.891384Z","level":"INFO","message":"api_request","correlation_id":"65cd753bd1ee2-44fe4cd2","fields":{"method":"GET","path":"/config/flags"}}
I/flutter ( 3863): {"timestamp":"2026-10-02T08:29:12.914399Z","level":"INFO","message":"api_response","correlation_id":"65cd753bd1ee2-44fe4cd2","fields":{"method":"GET","path":"/config/flags","status":200,"duration_ms":23}}
I/flutter ( 3863): {"timestamp":"2026-10-02T08:29:27.891575Z","level":"INFO","message":"api_request","correlation_id":"65cd754a1ff2d-45269427","fields":{"method":"GET","path":"/config/flags"}}
I/flutter ( 3863): {"timestamp":"2026-10-02T08:29:27.912764Z","level":"INFO","message":"api_response","correlation_id":"65cd754a1ff2d-45269427","fields":{"method":"GET","path":"/config/flags","status":200,"duration_ms":21}}
I/flutter ( 3863): {"timestamp":"2026-10-02T08:29:42.891244Z","level":"INFO","message":"api_request","correlation_id":"65cd75586e070-5190d7ac","fields":{"method":"GET","path":"/config/flags"}}
I/flutter ( 3863): {"timestamp":"2026-10-02T08:29:42.915186Z","level":"INFO","message":"api_response","correlation_id":"65cd75586e070-5190d7ac","fields":{"method":"GET","path":"/config/flags","status":200,"duration_ms":24}}
I/flutter ( 3863): {"timestamp":"2026-10-02T08:29:43.263733Z","level":"INFO","message":"api_request","correlation_id":"65cd7558c90db-39c2529d","fields":{"method":"GET","path":"/progression/845392c7-ca14-44d6-8969-0e82eb60bf86"}}
I/flutter ( 3863): {"timestamp":"2026-10-02T08:29:43.272171Z","level":"INFO","message":"api_request","correlation_id":"65cd7558c9ec7-54d7eddc","fields":{"method":"GET","path":"/progression/845392c7-ca14-44d6-8969-0e82eb60bf86/ledger","query_keys":["limit"]}}
I/flutter ( 3863): {"timestamp":"2026-10-02T08:29:43.275931Z","level":"INFO","message":"api_request","correlation_id":"65cd7558cc0ef-6269b255","fields":{"method":"GET","path":"/users/845392c7-ca14-44d6-8969-0e82eb60bf86/trust-badges"}}
I/flutter ( 3863): {"timestamp":"2026-10-02T08:29:43.309439Z","level":"INFO","message":"api_response","correlation_id":"65cd7558c90db-39c2529d","fields":{"method":"GET","path":"/progression/845392c7-ca14-44d6-8969-0e82eb60bf86","status":200,"duration_ms":45}}
I/flutter ( 3863): {"timestamp":"2026-10-02T08:29:43.321556Z","level":"INFO","message":"api_response","correlation_id":"65cd7558c9ec7-54d7eddc","fields":{"method":"GET","path":"/progression/845392c7-ca14-44d6-8969-0e82eb60bf86/ledger","status":200,"duration_ms":54}}
I/flutter ( 3863): {"timestamp":"2026-10-02T08:29:43.387985Z","level":"INFO","message":"api_response","correlation_id":"65cd7558cc0ef-6269b255","fields":{"method":"GET","path":"/users/845392c7-ca14-44d6-8969-0e82eb60bf86/trust-badges","status":200,"duration_ms":112}}
I/flutter ( 3863): {"timestamp":"2026-10-02T08:29:57.890256Z","level":"INFO","message":"api_request","correlation_id":"65cd7566bbfb0-490d48ec","fields":{"method":"GET","path":"/config/flags"}}
I/flutter ( 3863): {"timestamp":"2026-10-02T08:29:57.913502Z","level":"INFO","message":"api_response","correlation_id":"65cd7566bbfb0-490d48ec","fields":{"method":"GET","path":"/config/flags","status":200,"duration_ms":23}}
I/flutter ( 3863): {"timestamp":"2026-10-02T08:30:12.890031Z","level":"INFO","message":"api_request","correlation_id":"65cd75750a0d6-e4c4277","fields":{"method":"GET","path":"/config/flags"}}
I/flutter ( 3863): {"timestamp":"2026-10-02T08:30:12.915615Z","level":"INFO","message":"api_response","correlation_id":"65cd75750a0d6-e4c4277","fields":{"method":"GET","path":"/config/flags","status":200,"duration_ms":25}}
I/flutter ( 3863): {"timestamp":"2026-10-02T08:30:27.893375Z","level":"INFO","message":"api_request","correlation_id":"65cd758358d48-5f69aa0e","fields":{"method":"GET","path":"/config/flags"}}
I/flutter ( 3863): {"timestamp":"2026-10-02T08:30:27.912747Z","level":"INFO","message":"api_response","correlation_id":"65cd758358d48-5f69aa0e","fields":{"method":"GET","path":"/config/flags","status":200,"duration_ms":19}}
I/flutter ( 3863): {"timestamp":"2026-10-02T08:30:42.892654Z","level":"INFO","message":"api_request","correlation_id":"65cd7591a6be9-13fee952","fields":{"method":"GET","path":"/config/flags"}}
I/flutter ( 3863): {"timestamp":"2026-10-02T08:30:42.911766Z","level":"INFO","message":"api_response","correlation_id":"65cd7591a6be9-13fee952","fields":{"method":"GET","path":"/config/flags","status":200,"duration_ms":19}}
I/flutter ( 3863): {"timestamp":"2026-10-02T08:30:43.153546Z","level":"INFO","message":"api_request","correlation_id":"65cd7591e686b-254c8f19","fields":{"method":"GET","path":"/progression/845392c7-ca14-44d6-8969-0e82eb60bf86"}}
I/flutter ( 3863): {"timestamp":"2026-10-02T08:30:43.154697Z","level":"INFO","message":"api_request","correlation_id":"65cd7591e6e69-15367b71","fields":{"method":"GET","path":"/progression/845392c7-ca14-44d6-8969-0e82eb60bf86/ledger","query_keys":["limit"]}}
I/flutter ( 3863): {"timestamp":"2026-10-02T08:30:43.155316Z","level":"INFO","message":"api_request","correlation_id":"65cd7591e7126-7c3346a1","fields":{"method":"GET","path":"/users/845392c7-ca14-44d6-8969-0e82eb60bf86/trust-badges"}}
I/flutter ( 3863): {"timestamp":"2026-10-02T08:30:43.177182Z","level":"INFO","message":"api_response","correlation_id":"65cd7591e686b-254c8f19","fields":{"method":"GET","path":"/progression/845392c7-ca14-44d6-8969-0e82eb60bf86","status":200,"duration_ms":23}}
I/flutter ( 3863): {"timestamp":"2026-10-02T08:30:43.180092Z","level":"INFO","message":"api_response","correlation_id":"65cd7591e6e69-15367b71","fields":{"method":"GET","path":"/progression/845392c7-ca14-44d6-8969-0e82eb60bf86/ledger","status":200,"duration_ms":25}}
I/flutter ( 3863): {"timestamp":"2026-10-02T08:30:43.292500Z","level":"INFO","message":"api_response","correlation_id":"65cd7591e7126-7c3346a1","fields":{"method":"GET","path":"/users/845392c7-ca14-44d6-8969-0e82eb60bf86/trust-badges","status":200,"duration_ms":137}}
I/flutter ( 3863): {"timestamp":"2026-10-02T08:30:57.896682Z","level":"INFO","message":"api_request","correlation_id":"65cd759ff5c08-558569cc","fields":{"method":"GET","path":"/config/flags"}}
I/flutter ( 3863): {"timestamp":"2026-10-02T08:30:57.923704Z","level":"INFO","message":"api_response","correlation_id":"65cd759ff5c08-558569cc","fields":{"method":"GET","path":"/config/flags","status":200,"duration_ms":27}}
I/flutter ( 3863): {"timestamp":"2026-10-02T08:31:12.888066Z","level":"INFO","message":"api_request","correlation_id":"65cd75ae4209b-5cdb52f4","fields":{"method":"GET","path":"/config/flags"}}
I/flutter ( 3863): {"timestamp":"2026-10-02T08:31:12.899961Z","level":"INFO","message":"api_response","correlation_id":"65cd75ae4209b-5cdb52f4","fields":{"method":"GET","path":"/config/flags","status":200,"duration_ms":11}}
I/flutter ( 3863): {"timestamp":"2026-10-02T08:31:27.888334Z","level":"INFO","message":"api_request","correlation_id":"65cd75bc90337-1a3a768b","fields":{"method":"GET","path":"/config/flags"}}
I/flutter ( 3863): {"timestamp":"2026-10-02T08:31:28.154524Z","level":"INFO","message":"api_response","correlation_id":"65cd75bc90337-1a3a768b","fields":{"method":"GET","path":"/config/flags","status":200,"duration_ms":266}}
